15:57:32 **** Incremental Build of configuration Debug for project WLPlayer_Software ****
make all 
make --no-print-directory pre-build
a9-linaro-pre-build-step
' '
make --no-print-directory main-build
'Building file: ../src/main.c'
'Invoking: ARM v7 gcc compiler'
arm-none-eabi-gcc -Wall -O0 -g3 -c -fmessage-length=0 -MT"src/main.o" -mcpu=cortex-a9 -mfpu=vfpv3 -mfloat-abi=hard -ID:/ofcollage/EES_exp/extral/lab_9_player/WLPlayer/WLPlayer.sdk/WLPlayer_system/export/WLPlayer_system/sw/WLPlayer_system/standalone_ps7_cortexa9_0/bspinclude/include -MMD -MP -MF"src/main.d" -MT"src/main.o" -o "src/main.o" "../src/main.c"
'Finished building: ../src/main.c'
' '
'Building target: WLPlayer_Software.elf'
'Invoking: ARM v7 gcc linker'
arm-none-eabi-gcc -mcpu=cortex-a9 -mfpu=vfpv3 -mfloat-abi=hard -Wl,-build-id=none -specs=Xilinx.spec -Wl,-T -Wl,../src/lscript.ld -LD:/ofcollage/EES_exp/extral/lab_9_player/WLPlayer/WLPlayer.sdk/WLPlayer_system/export/WLPlayer_system/sw/WLPlayer_system/standalone_ps7_cortexa9_0/bsplib/lib -o "WLPlayer_Software.elf"  ./src/audio.o ./src/interrupt.o ./src/main.o ./src/video.o   -Wl,--start-group,-lxil,-lgcc,-lc,--end-group -Wl,--start-group,-lxilffs,-lxil,-lgcc,-lc,--end-group
'Finished building target: WLPlayer_Software.elf'
' '
'Invoking: ARM v7 Print Size'
arm-none-eabi-size WLPlayer_Software.elf  |tee "WLPlayer_Software.elf.size"
   text	   data	    bss	    dec	    hex	filename
  18676	   1144	  22568	  42388	   a594	WLPlayer_Software.elf
'Finished building: WLPlayer_Software.elf.size'
' '

15:57:33 Build Finished (took 1s.16ms)

